src/components/DealDetailView.tsx(1299,71): error TS7006: Parameter 'saved' implicitly has an 'any' type.
src/components/DealDetailView.tsx(1300,72): error TS7006: Parameter 'err' implicitly has an 'any' type.
src/components/DealDetailView.tsx(1733,97): error TS7006: Parameter 'res' implicitly has an 'any' type.
src/components/DealDetailView.tsx(1755,101): error TS7006: Parameter 'res' implicitly has an 'any' type.
src/components/DealDetailView.tsx(1890,63): error TS7006: Parameter 'saved' implicitly has an 'any' type.
src/components/DealDetailView.tsx(1891,64): error TS7006: Parameter 'e' implicitly has an 'any' type.
src/features/logistics/LogisticsCompaniesPage.tsx(3,10): error TS2724: '"../../services/api"' has no exported member named 'logisticsCompanyService'. Did you mean 'logisticsService'?
src/features/offers/CreateOfferPage.tsx(99,54): error TS7006: Parameter 'i' implicitly has an 'any' type.
src/pages/DealsPage.tsx(3,1): error TS6192: All imports in import declaration are unused.
src/pages/MessagesPage.tsx(6,11): error TS6133: 'user' is declared but its value is never read.
src/pages/MessagesPage.tsx(10,35): error TS7006: Parameter 'data' implicitly has an 'any' type.
src/pages/ProformalarPage.tsx(2,10): error TS6133: 'Search' is declared but its value is never read.
src/pages/ProformalarPage.tsx(2,32): error TS6133: 'FileText' is declared but its value is never read.
src/pages/ProformalarPage.tsx(8,12): error TS6133: 'loading' is declared but its value is never read.
